
:MSG: test_basic


:MSG:	Initial rclonesync --first-sync

../rclonesync ./testdir/path1/ ./testdir/path2/ --first-sync --verbose --workdir ./testwd/ --no-datetime-log --no-cleanup --rclone rclone --config /home/cjn/.config/rclone/rclone.conf
***** BiDirectional Sync for Cloud Services using rclone (V3.2 201201) *****
Lock file created: </tmp/rclonesync_LOCK_._testdir_path1_._testdir_path2_>
Synching Path1  <./testdir/path1/>  with Path2  <./testdir/path2/>
Command args: <Path1=./testdir/path1/, Path2=./testdir/path2/, check_access=False, check_filename=RCLONE_TEST, check_sync_only=False, config=/home/cjn/.config/rclone/rclone.conf, dry_run=False, filters_file=None, first_sync=True, force=False, max_deletes=50, no_check_sync=False, no_cleanup=True, no_datetime_log=True, rc_verbose=None, rclone=rclone, rclone_args=None, remove_empty_directories=False, verbose=1, workdir=./testwd/>
>>>>> --first-sync copying any unique Path2 files to Path1
>>>>> --first-sync synching Path1 to Path2
>>>>> --first-sync refreshing lsl files
Lock file removed: </tmp/rclonesync_LOCK_._testdir_path1_._testdir_path2_>
>>>>> Successful run.  All done.


:MSG:	Place newer files on the Path1 and Path2

touch ./tests/test_basic/modfiles/file1.txt --date=2001-01-02
rclone copy ./tests/test_basic/modfiles/file1.txt ./testdir/path2/
rclone copyto ./tests/test_basic/modfiles/file1.txt ./testdir/path1/subdir/file20.txt

:MSG:	rclonesync test run

../rclonesync ./testdir/path1/ ./testdir/path2/ --verbose --workdir ./testwd/ --no-datetime-log --no-cleanup --rclone rclone --config /home/cjn/.config/rclone/rclone.conf
***** BiDirectional Sync for Cloud Services using rclone (V3.2 201201) *****
Lock file created: </tmp/rclonesync_LOCK_._testdir_path1_._testdir_path2_>
Synching Path1  <./testdir/path1/>  with Path2  <./testdir/path2/>
Command args: <Path1=./testdir/path1/, Path2=./testdir/path2/, check_access=False, check_filename=RCLONE_TEST, check_sync_only=False, config=/home/cjn/.config/rclone/rclone.conf, dry_run=False, filters_file=None, first_sync=False, force=False, max_deletes=50, no_check_sync=False, no_cleanup=True, no_datetime_log=True, rc_verbose=None, rclone=rclone, rclone_args=None, remove_empty_directories=False, verbose=1, workdir=./testwd/>
>>>>> Path1 Checking for Diffs
  Path1      File is newer                     - subdir/file20.txt
     1 file change(s) on Path1:    0 new,    1 newer,    0 older,    0 deleted
>>>>> Path2 Checking for Diffs
  Path2      File is newer                     - file1.txt
     1 file change(s) on Path2:    0 new,    1 newer,    0 older,    0 deleted
>>>>> Determining and applying changes
  Path1      Queue copy to Path2               - ./testdir/path2/subdir/file20.txt
  Path2      Queue copy to Path1               - ./testdir/path1/file1.txt
  Path2      Do queued copies to               - Path1
  Path1      Do queued copies to               - Path2
>>>>> Refreshing Path1 and Path2 lsl files
>>>>> Checking integrity of LSL history files for Path1  <./testdir/path1/>  versus Path2  <./testdir/path2/>
Lock file removed: </tmp/rclonesync_LOCK_._testdir_path1_._testdir_path2_>
>>>>> Successful run.  All done.

