
:MSG: test_first_sync


:MSG:	1) first-sync with empty path1, resulting in copying all content from path2

rm -rf ./testdir/path1/file1.txt ./testdir/path1/file2.txt ./testdir/path1/file3.txt ./testdir/path1/file4.txt ./testdir/path1/file5.txt ./testdir/path1/file6.txt ./testdir/path1/file7.txt ./testdir/path1/RCLONE_TEST
../rclonesync ./testdir/path1/ ./testdir/path2/ --first-sync --verbose --workdir ./testwd/ --no-datetime-log --no-cleanup --rclone rclone --config /home/cjn/.config/rclone/rclone.conf
***** BiDirectional Sync for Cloud Services using rclone (V3.2 201201) *****
Lock file created: </tmp/rclonesync_LOCK_._testdir_path1_._testdir_path2_>
Synching Path1  <./testdir/path1/>  with Path2  <./testdir/path2/>
Command args: <Path1=./testdir/path1/, Path2=./testdir/path2/, check_access=False, check_filename=RCLONE_TEST, check_sync_only=False, config=/home/cjn/.config/rclone/rclone.conf, dry_run=False, filters_file=None, first_sync=True, force=False, max_deletes=50, no_check_sync=False, no_cleanup=True, no_datetime_log=True, rc_verbose=None, rclone=rclone, rclone_args=None, remove_empty_directories=False, verbose=1, workdir=./testwd/>
>>>>> --first-sync copying any unique Path2 files to Path1
  Path2      --first-sync queue copy to Path1  - RCLONE_TEST
  Path2      --first-sync queue copy to Path1  - file1.txt
  Path2      --first-sync queue copy to Path1  - file2.txt
  Path2      --first-sync queue copy to Path1  - file3.txt
  Path2      --first-sync queue copy to Path1  - file4.txt
  Path2      --first-sync queue copy to Path1  - file5.txt
  Path2      --first-sync queue copy to Path1  - file6.txt
  Path2      --first-sync queue copy to Path1  - file7.txt
  Path2      Do queued first-sync copies to    - Path1
>>>>> --first-sync synching Path1 to Path2
>>>>> --first-sync refreshing lsl files
Lock file removed: </tmp/rclonesync_LOCK_._testdir_path1_._testdir_path2_>
>>>>> Successful run.  All done.


:SAVELSL: empty_path1

rm ./testwd/LSL_._testdir_path1_._testdir_path2__files_first_sync_copy_P2P1 ./testwd/LSL_._testdir_path1_._testdir_path2__Path1 ./testwd/LSL_._testdir_path1_._testdir_path2__Path1_NEW ./testwd/LSL_._testdir_path1_._testdir_path2__Path2 ./testwd/LSL_._testdir_path1_._testdir_path2__Path2_NEW

:MSG:	2) first-sync with empty path2, resulting in syncing all content to path2

rm -rf ./testdir/path2/file1.txt ./testdir/path2/file2.txt ./testdir/path2/file3.txt ./testdir/path2/file4.txt ./testdir/path2/file5.txt ./testdir/path2/file6.txt ./testdir/path2/file7.txt ./testdir/path2/RCLONE_TEST
../rclonesync ./testdir/path1/ ./testdir/path2/ --first-sync --verbose --workdir ./testwd/ --no-datetime-log --no-cleanup --rclone rclone --config /home/cjn/.config/rclone/rclone.conf
***** BiDirectional Sync for Cloud Services using rclone (V3.2 201201) *****
Lock file created: </tmp/rclonesync_LOCK_._testdir_path1_._testdir_path2_>
Synching Path1  <./testdir/path1/>  with Path2  <./testdir/path2/>
Command args: <Path1=./testdir/path1/, Path2=./testdir/path2/, check_access=False, check_filename=RCLONE_TEST, check_sync_only=False, config=/home/cjn/.config/rclone/rclone.conf, dry_run=False, filters_file=None, first_sync=True, force=False, max_deletes=50, no_check_sync=False, no_cleanup=True, no_datetime_log=True, rc_verbose=None, rclone=rclone, rclone_args=None, remove_empty_directories=False, verbose=1, workdir=./testwd/>
>>>>> --first-sync copying any unique Path2 files to Path1
>>>>> --first-sync synching Path1 to Path2
>>>>> --first-sync refreshing lsl files
Lock file removed: </tmp/rclonesync_LOCK_._testdir_path1_._testdir_path2_>
>>>>> Successful run.  All done.


:SAVELSL: empty_path2

rm ./testwd/LSL_._testdir_path1_._testdir_path2__Path1 ./testwd/LSL_._testdir_path1_._testdir_path2__Path1_NEW ./testwd/LSL_._testdir_path1_._testdir_path2__Path2 ./testwd/LSL_._testdir_path1_._testdir_path2__Path2_NEW

:MSG:	3) Exercise all of the various file difference scenarios during a first-sync

touch ./tests/test_first_sync/modfiles/fileA.txt --date=2002-02-02
touch ./tests/test_first_sync/modfiles/fileB.txt --date=1999-09-09

:MSG:	file1.txt	    exists			missing			Sync Path1 > Path2	Path1

rclone delete ./testdir/path2/file1.txt

:MSG:	file2.txt		missing			exists			Copy Path2 > Path1	Path2

rclone delete ./testdir/path1/file2.txt

:MSG:	file3.txt		exists			newer date 		Sync Path1 > Path2	Path1

rclone copyto ./tests/test_first_sync/modfiles/fileA.txt ./testdir/path2/file3.txt

:MSG:	file4.txt		missing			newer date		Copy Path2 > Path1	Path2

rclone delete ./testdir/path1/file4.txt
rclone copyto ./tests/test_first_sync/modfiles/fileA.txt ./testdir/path2/file4.txt

:MSG:	file5.txt		exists			older date		Sync Path1 > Path2	Path1

rclone copyto ./tests/test_first_sync/modfiles/fileB.txt ./testdir/path2/file5.txt

:MSG:	file6.txt		older date		newer date		Sync Path1 > Path2	Path1

rclone copyto ./tests/test_first_sync/modfiles/fileB.txt ./testdir/path1/file6.txt
rclone copyto ./tests/test_first_sync/modfiles/fileA.txt ./testdir/path2/file6.txt

:MSG:	file7.txt		exists			exists (same)	None				same


:MSG:	rclonesync --first-sync test run

../rclonesync ./testdir/path1/ ./testdir/path2/ --first-sync --verbose --workdir ./testwd/ --no-datetime-log --no-cleanup --rclone rclone --config /home/cjn/.config/rclone/rclone.conf
***** BiDirectional Sync for Cloud Services using rclone (V3.2 201201) *****
Lock file created: </tmp/rclonesync_LOCK_._testdir_path1_._testdir_path2_>
Synching Path1  <./testdir/path1/>  with Path2  <./testdir/path2/>
Command args: <Path1=./testdir/path1/, Path2=./testdir/path2/, check_access=False, check_filename=RCLONE_TEST, check_sync_only=False, config=/home/cjn/.config/rclone/rclone.conf, dry_run=False, filters_file=None, first_sync=True, force=False, max_deletes=50, no_check_sync=False, no_cleanup=True, no_datetime_log=True, rc_verbose=None, rclone=rclone, rclone_args=None, remove_empty_directories=False, verbose=1, workdir=./testwd/>
>>>>> --first-sync copying any unique Path2 files to Path1
  Path2      --first-sync queue copy to Path1  - file2.txt
  Path2      --first-sync queue copy to Path1  - file4.txt
  Path2      Do queued first-sync copies to    - Path1
>>>>> --first-sync synching Path1 to Path2
>>>>> --first-sync refreshing lsl files
Lock file removed: </tmp/rclonesync_LOCK_._testdir_path1_._testdir_path2_>
>>>>> Successful run.  All done.


:SAVELSL: mixed_diffs


:MSG:	rclonesync non --first-sync test run

../rclonesync ./testdir/path1/ ./testdir/path2/ --verbose --workdir ./testwd/ --no-datetime-log --no-cleanup --rclone rclone --config /home/cjn/.config/rclone/rclone.conf
***** BiDirectional Sync for Cloud Services using rclone (V3.2 201201) *****
Lock file created: </tmp/rclonesync_LOCK_._testdir_path1_._testdir_path2_>
Synching Path1  <./testdir/path1/>  with Path2  <./testdir/path2/>
Command args: <Path1=./testdir/path1/, Path2=./testdir/path2/, check_access=False, check_filename=RCLONE_TEST, check_sync_only=False, config=/home/cjn/.config/rclone/rclone.conf, dry_run=False, filters_file=None, first_sync=False, force=False, max_deletes=50, no_check_sync=False, no_cleanup=True, no_datetime_log=True, rc_verbose=None, rclone=rclone, rclone_args=None, remove_empty_directories=False, verbose=1, workdir=./testwd/>
>>>>> Path1 Checking for Diffs
>>>>> Path2 Checking for Diffs
>>>>> No changes on Path1 or Path2
>>>>> Refreshing Path1 and Path2 lsl files
>>>>> Checking integrity of LSL history files for Path1  <./testdir/path1/>  versus Path2  <./testdir/path2/>
Lock file removed: </tmp/rclonesync_LOCK_._testdir_path1_._testdir_path2_>
>>>>> Successful run.  All done.


:MSG:	4) Confirm critical error on normal sync of empty path

rm -rf ./testdir/path2/file1.txt ./testdir/path2/file2.txt ./testdir/path2/file3.txt ./testdir/path2/file4.txt ./testdir/path2/file5.txt ./testdir/path2/file6.txt ./testdir/path2/file7.txt ./testdir/path2/RCLONE_TEST
../rclonesync ./testdir/path1/ ./testdir/path2/ --verbose --workdir ./testwd/ --no-datetime-log --no-cleanup --rclone rclone --config /home/cjn/.config/rclone/rclone.conf
***** BiDirectional Sync for Cloud Services using rclone (V3.2 201201) *****
Lock file created: </tmp/rclonesync_LOCK_._testdir_path1_._testdir_path2_>
Synching Path1  <./testdir/path1/>  with Path2  <./testdir/path2/>
Command args: <Path1=./testdir/path1/, Path2=./testdir/path2/, check_access=False, check_filename=RCLONE_TEST, check_sync_only=False, config=/home/cjn/.config/rclone/rclone.conf, dry_run=False, filters_file=None, first_sync=False, force=False, max_deletes=50, no_check_sync=False, no_cleanup=True, no_datetime_log=True, rc_verbose=None, rclone=rclone, rclone_args=None, remove_empty_directories=False, verbose=1, workdir=./testwd/>
>>>>> Path1 Checking for Diffs
>>>>> Path2 Checking for Diffs
  ERROR    Zero length in current Path2 list file <./testwd/LSL_._testdir_path1_._testdir_path2__Path2_NEW>.  Cannot sync to an empty directory tree. - 
Lock file removed: </tmp/rclonesync_LOCK_._testdir_path1_._testdir_path2_>
***** Critical Error Abort - Must run --first-sync to recover.  See README.md *****

