
:MSG: test_check_sync


:MSG:	Initial rclonesync --first-sync

../rclonesync ./testdir/path1/ ./testdir/path2/ --first-sync --verbose --workdir ./testwd/ --no-datetime-log --no-cleanup --rclone rclone --config /home/cjn/.config/rclone/rclone.conf
***** BiDirectional Sync for Cloud Services using rclone (V3.2 201201) *****
Lock file created: </tmp/rclonesync_LOCK_._testdir_path1_._testdir_path2_>
Synching Path1  <./testdir/path1/>  with Path2  <./testdir/path2/>
Command args: <Path1=./testdir/path1/, Path2=./testdir/path2/, check_access=False, check_filename=RCLONE_TEST, check_sync_only=False, config=/home/cjn/.config/rclone/rclone.conf, dry_run=False, filters_file=None, first_sync=True, force=False, max_deletes=50, no_check_sync=False, no_cleanup=True, no_datetime_log=True, rc_verbose=None, rclone=rclone, rclone_args=None, remove_empty_directories=False, verbose=1, workdir=./testwd/>
>>>>> --first-sync copying any unique Path2 files to Path1
>>>>> --first-sync synching Path1 to Path2
>>>>> --first-sync refreshing lsl files
Lock file removed: </tmp/rclonesync_LOCK_._testdir_path1_._testdir_path2_>
>>>>> Successful run.  All done.


:MSG:	1) Run --check-sync-only on a clean sync

../rclonesync ./testdir/path1/ ./testdir/path2/ --check-sync-only --verbose --workdir ./testwd/ --no-datetime-log --no-cleanup --rclone rclone --config /home/cjn/.config/rclone/rclone.conf
***** BiDirectional Sync for Cloud Services using rclone (V3.2 201201) *****
Lock file created: </tmp/rclonesync_LOCK_._testdir_path1_._testdir_path2_>
>>>>> Checking integrity of LSL history files for Path1  <./testdir/path1/>  versus Path2  <./testdir/path2/>
Lock file removed: </tmp/rclonesync_LOCK_._testdir_path1_._testdir_path2_>
>>>>> Successful run.  All done.


:MSG:	2) Copy modified LSL files into the workdir

rclone copy ./tests/test_check_sync/modfiles/LSL_._testdir_path1_._testdir_path2__Path1 ./testwd/
rclone copy ./tests/test_check_sync/modfiles/LSL_._testdir_path1_._testdir_path2__Path2 ./testwd/

:MSG:	3) Run --check-sync-only on modified LSL files

../rclonesync ./testdir/path1/ ./testdir/path2/ --check-sync-only --verbose --workdir ./testwd/ --no-datetime-log --no-cleanup --rclone rclone --config /home/cjn/.config/rclone/rclone.conf
***** BiDirectional Sync for Cloud Services using rclone (V3.2 201201) *****
Lock file created: </tmp/rclonesync_LOCK_._testdir_path1_._testdir_path2_>
>>>>> Checking integrity of LSL history files for Path1  <./testdir/path1/>  versus Path2  <./testdir/path2/>
  ERROR    Path1 file not found in Path2       - file2.txt
  ERROR    Path2 file not found in Path1       - file1.txt
ERROR: The content of Path1 and Path2 are out of sync.  --first-sync required to recover.
Lock file removed: </tmp/rclonesync_LOCK_._testdir_path1_._testdir_path2_>
***** Critical Error Abort - Must run --first-sync to recover.  See README.md *****


:SAVELSL: Check_sync_only


:MSG:	4) Run normal sync to check that it critical aborts

../rclonesync ./testdir/path1/ ./testdir/path2/ --verbose --workdir ./testwd/ --no-datetime-log --no-cleanup --rclone rclone --config /home/cjn/.config/rclone/rclone.conf
***** BiDirectional Sync for Cloud Services using rclone (V3.2 201201) *****
Lock file created: </tmp/rclonesync_LOCK_._testdir_path1_._testdir_path2_>
Synching Path1  <./testdir/path1/>  with Path2  <./testdir/path2/>
Command args: <Path1=./testdir/path1/, Path2=./testdir/path2/, check_access=False, check_filename=RCLONE_TEST, check_sync_only=False, config=/home/cjn/.config/rclone/rclone.conf, dry_run=False, filters_file=None, first_sync=False, force=False, max_deletes=50, no_check_sync=False, no_cleanup=True, no_datetime_log=True, rc_verbose=None, rclone=rclone, rclone_args=None, remove_empty_directories=False, verbose=1, workdir=./testwd/>
***** Cannot find prior Path1 or Path2 lsl files, likely due to critical error on prior run.
Lock file removed: </tmp/rclonesync_LOCK_._testdir_path1_._testdir_path2_>
***** Critical Error Abort - Must run --first-sync to recover.  See README.md *****


:MSG:	5) Run first-sync

rm ./testwd/LSL_._testdir_path1_._testdir_path2__Path1_ERROR ./testwd/LSL_._testdir_path1_._testdir_path2__Path1_NEW ./testwd/LSL_._testdir_path1_._testdir_path2__Path2_ERROR ./testwd/LSL_._testdir_path1_._testdir_path2__Path2_NEW
../rclonesync ./testdir/path1/ ./testdir/path2/ --first-sync --verbose --workdir ./testwd/ --no-datetime-log --no-cleanup --rclone rclone --config /home/cjn/.config/rclone/rclone.conf
***** BiDirectional Sync for Cloud Services using rclone (V3.2 201201) *****
Lock file created: </tmp/rclonesync_LOCK_._testdir_path1_._testdir_path2_>
Synching Path1  <./testdir/path1/>  with Path2  <./testdir/path2/>
Command args: <Path1=./testdir/path1/, Path2=./testdir/path2/, check_access=False, check_filename=RCLONE_TEST, check_sync_only=False, config=/home/cjn/.config/rclone/rclone.conf, dry_run=False, filters_file=None, first_sync=True, force=False, max_deletes=50, no_check_sync=False, no_cleanup=True, no_datetime_log=True, rc_verbose=None, rclone=rclone, rclone_args=None, remove_empty_directories=False, verbose=1, workdir=./testwd/>
>>>>> --first-sync copying any unique Path2 files to Path1
>>>>> --first-sync synching Path1 to Path2
>>>>> --first-sync refreshing lsl files
Lock file removed: </tmp/rclonesync_LOCK_._testdir_path1_._testdir_path2_>
>>>>> Successful run.  All done.


:MSG:	6) Run normal sync with check-sync enabled (default)

../rclonesync ./testdir/path1/ ./testdir/path2/ --verbose --workdir ./testwd/ --no-datetime-log --no-cleanup --rclone rclone --config /home/cjn/.config/rclone/rclone.conf
***** BiDirectional Sync for Cloud Services using rclone (V3.2 201201) *****
Lock file created: </tmp/rclonesync_LOCK_._testdir_path1_._testdir_path2_>
Synching Path1  <./testdir/path1/>  with Path2  <./testdir/path2/>
Command args: <Path1=./testdir/path1/, Path2=./testdir/path2/, check_access=False, check_filename=RCLONE_TEST, check_sync_only=False, config=/home/cjn/.config/rclone/rclone.conf, dry_run=False, filters_file=None, first_sync=False, force=False, max_deletes=50, no_check_sync=False, no_cleanup=True, no_datetime_log=True, rc_verbose=None, rclone=rclone, rclone_args=None, remove_empty_directories=False, verbose=1, workdir=./testwd/>
>>>>> Path1 Checking for Diffs
>>>>> Path2 Checking for Diffs
>>>>> No changes on Path1 or Path2
>>>>> Refreshing Path1 and Path2 lsl files
>>>>> Checking integrity of LSL history files for Path1  <./testdir/path1/>  versus Path2  <./testdir/path2/>
Lock file removed: </tmp/rclonesync_LOCK_._testdir_path1_._testdir_path2_>
>>>>> Successful run.  All done.


:MSG:	7) Run normal sync with --no-check-sync

../rclonesync ./testdir/path1/ ./testdir/path2/ --no-check-sync --verbose --workdir ./testwd/ --no-datetime-log --no-cleanup --rclone rclone --config /home/cjn/.config/rclone/rclone.conf
***** BiDirectional Sync for Cloud Services using rclone (V3.2 201201) *****
Lock file created: </tmp/rclonesync_LOCK_._testdir_path1_._testdir_path2_>
Synching Path1  <./testdir/path1/>  with Path2  <./testdir/path2/>
Command args: <Path1=./testdir/path1/, Path2=./testdir/path2/, check_access=False, check_filename=RCLONE_TEST, check_sync_only=False, config=/home/cjn/.config/rclone/rclone.conf, dry_run=False, filters_file=None, first_sync=False, force=False, max_deletes=50, no_check_sync=True, no_cleanup=True, no_datetime_log=True, rc_verbose=None, rclone=rclone, rclone_args=None, remove_empty_directories=False, verbose=1, workdir=./testwd/>
>>>>> Path1 Checking for Diffs
>>>>> Path2 Checking for Diffs
>>>>> No changes on Path1 or Path2
>>>>> Refreshing Path1 and Path2 lsl files
Lock file removed: </tmp/rclonesync_LOCK_._testdir_path1_._testdir_path2_>
>>>>> Successful run.  All done.

