
:MSG: test_max_deletes_path2_force


:MSG:	Initial rclonesync --first-sync

../rclonesync ./testdir/path1/ ./testdir/path2/ --first-sync --verbose --workdir ./testwd/ --no-datetime-log --no-cleanup --rclone rclone --config /home/cjn/.config/rclone/rclone.conf
***** BiDirectional Sync for Cloud Services using rclone (V3.2 201201) *****
Lock file created: </tmp/rclonesync_LOCK_._testdir_path1_._testdir_path2_>
Synching Path1  <./testdir/path1/>  with Path2  <./testdir/path2/>
Command args: <Path1=./testdir/path1/, Path2=./testdir/path2/, check_access=False, check_filename=RCLONE_TEST, check_sync_only=False, config=/home/cjn/.config/rclone/rclone.conf, dry_run=False, filters_file=None, first_sync=True, force=False, max_deletes=50, no_check_sync=False, no_cleanup=True, no_datetime_log=True, rc_verbose=None, rclone=rclone, rclone_args=None, remove_empty_directories=False, verbose=1, workdir=./testwd/>
>>>>> --first-sync copying any unique Path2 files to Path1
>>>>> --first-sync synching Path1 to Path2
>>>>> --first-sync refreshing lsl files
Lock file removed: </tmp/rclonesync_LOCK_._testdir_path1_._testdir_path2_>
>>>>> Successful run.  All done.


:MSG:	Delete >50% of Remote files

rclone delete ./testdir/path2/file1.txt
rclone delete ./testdir/path2/file2.txt
rclone delete ./testdir/path2/file3.txt
rclone delete ./testdir/path2/file4.txt
rclone delete ./testdir/path2/file5.txt

:MSG:	Sync should fail due to too many Path2 deletes

../rclonesync ./testdir/path1/ ./testdir/path2/ --verbose --workdir ./testwd/ --no-datetime-log --no-cleanup --rclone rclone --config /home/cjn/.config/rclone/rclone.conf
***** BiDirectional Sync for Cloud Services using rclone (V3.2 201201) *****
Lock file created: </tmp/rclonesync_LOCK_._testdir_path1_._testdir_path2_>
Synching Path1  <./testdir/path1/>  with Path2  <./testdir/path2/>
Command args: <Path1=./testdir/path1/, Path2=./testdir/path2/, check_access=False, check_filename=RCLONE_TEST, check_sync_only=False, config=/home/cjn/.config/rclone/rclone.conf, dry_run=False, filters_file=None, first_sync=False, force=False, max_deletes=50, no_check_sync=False, no_cleanup=True, no_datetime_log=True, rc_verbose=None, rclone=rclone, rclone_args=None, remove_empty_directories=False, verbose=1, workdir=./testwd/>
>>>>> Path1 Checking for Diffs
>>>>> Path2 Checking for Diffs
  Path2      File was deleted                  - file1.txt
  Path2      File was deleted                  - file2.txt
  Path2      File was deleted                  - file3.txt
  Path2      File was deleted                  - file4.txt
  Path2      File was deleted                  - file5.txt
     5 file change(s) on Path2:    0 new,    0 newer,    0 older,    5 deleted
SAFETY ABORT - Excessive number of deletes (>50%, 5 of 9) found on the Path2 filesystem <./testdir/path2/>.  Run with --force if desired.
Lock file removed: </tmp/rclonesync_LOCK_._testdir_path1_._testdir_path2_>
***** Error Abort.  Try running rclonesync again. *****


:SAVELSL: Initial_fail


:MSG:   Apply --force switch, and sync should run.

../rclonesync ./testdir/path1/ ./testdir/path2/ --force --verbose --workdir ./testwd/ --no-datetime-log --no-cleanup --rclone rclone --config /home/cjn/.config/rclone/rclone.conf
***** BiDirectional Sync for Cloud Services using rclone (V3.2 201201) *****
Lock file created: </tmp/rclonesync_LOCK_._testdir_path1_._testdir_path2_>
Synching Path1  <./testdir/path1/>  with Path2  <./testdir/path2/>
Command args: <Path1=./testdir/path1/, Path2=./testdir/path2/, check_access=False, check_filename=RCLONE_TEST, check_sync_only=False, config=/home/cjn/.config/rclone/rclone.conf, dry_run=False, filters_file=None, first_sync=False, force=True, max_deletes=50, no_check_sync=False, no_cleanup=True, no_datetime_log=True, rc_verbose=None, rclone=rclone, rclone_args=None, remove_empty_directories=False, verbose=1, workdir=./testwd/>
>>>>> Path1 Checking for Diffs
>>>>> Path2 Checking for Diffs
  Path2      File was deleted                  - file1.txt
  Path2      File was deleted                  - file2.txt
  Path2      File was deleted                  - file3.txt
  Path2      File was deleted                  - file4.txt
  Path2      File was deleted                  - file5.txt
     5 file change(s) on Path2:    0 new,    0 newer,    0 older,    5 deleted
>>>>> Determining and applying changes
  Path1      Queue delete                      - ./testdir/path1/file1.txt
  Path1      Queue delete                      - ./testdir/path1/file2.txt
  Path1      Queue delete                      - ./testdir/path1/file3.txt
  Path1      Queue delete                      - ./testdir/path1/file4.txt
  Path1      Queue delete                      - ./testdir/path1/file5.txt
             Do queued deletes on              - Path1
>>>>> Refreshing Path1 and Path2 lsl files
>>>>> Checking integrity of LSL history files for Path1  <./testdir/path1/>  versus Path2  <./testdir/path2/>
Lock file removed: </tmp/rclonesync_LOCK_._testdir_path1_._testdir_path2_>
>>>>> Successful run.  All done.

