
:MSG: test_check_filename


:MSG:	Initial rclonesync --first-sync

../rclonesync ./testdir/path1/ ./testdir/path2/ --first-sync --verbose --workdir ./testwd/ --no-datetime-log --no-cleanup --rclone rclone --config /home/cjn/.config/rclone/rclone.conf
***** BiDirectional Sync for Cloud Services using rclone (V3.2 201201) *****
Lock file created: </tmp/rclonesync_LOCK_._testdir_path1_._testdir_path2_>
Synching Path1  <./testdir/path1/>  with Path2  <./testdir/path2/>
Command args: <Path1=./testdir/path1/, Path2=./testdir/path2/, check_access=False, check_filename=RCLONE_TEST, check_sync_only=False, config=/home/cjn/.config/rclone/rclone.conf, dry_run=False, filters_file=None, first_sync=True, force=False, max_deletes=50, no_check_sync=False, no_cleanup=True, no_datetime_log=True, rc_verbose=None, rclone=rclone, rclone_args=None, remove_empty_directories=False, verbose=1, workdir=./testwd/>
>>>>> --first-sync copying any unique Path2 files to Path1
>>>>> --first-sync synching Path1 to Path2
>>>>> --first-sync refreshing lsl files
Lock file removed: </tmp/rclonesync_LOCK_._testdir_path1_._testdir_path2_>
>>>>> Successful run.  All done.


:MSG:	1) First, see that --check-access passes with the initial setup

../rclonesync ./testdir/path1/ ./testdir/path2/ --check-access --check-filename .chk_file --verbose --workdir ./testwd/ --no-datetime-log --no-cleanup --rclone rclone --config /home/cjn/.config/rclone/rclone.conf
***** BiDirectional Sync for Cloud Services using rclone (V3.2 201201) *****
Lock file created: </tmp/rclonesync_LOCK_._testdir_path1_._testdir_path2_>
Synching Path1  <./testdir/path1/>  with Path2  <./testdir/path2/>
Command args: <Path1=./testdir/path1/, Path2=./testdir/path2/, check_access=True, check_filename=.chk_file, check_sync_only=False, config=/home/cjn/.config/rclone/rclone.conf, dry_run=False, filters_file=None, first_sync=False, force=False, max_deletes=50, no_check_sync=False, no_cleanup=True, no_datetime_log=True, rc_verbose=None, rclone=rclone, rclone_args=None, remove_empty_directories=False, verbose=1, workdir=./testwd/>
>>>>> Path1 Checking for Diffs
>>>>> Path2 Checking for Diffs
>>>>> Checking Path1 and Path2 rclone filesystems access health
  Found <2> matching <.chk_file> files on both paths
>>>>> No changes on Path1 or Path2
>>>>> Refreshing Path1 and Path2 lsl files
>>>>> Checking integrity of LSL history files for Path1  <./testdir/path1/>  versus Path2  <./testdir/path2/>
Lock file removed: </tmp/rclonesync_LOCK_._testdir_path1_._testdir_path2_>
>>>>> Successful run.  All done.


:SAVELSL: Initial_pass


:MSG:	2) Delete the remote subdir .chk_file, run sync, will fail critical

rclone delete ./testdir/path2/subdir/.chk_file
../rclonesync ./testdir/path1/ ./testdir/path2/ --check-access --check-filename .chk_file --no-cleanup --verbose --workdir ./testwd/ --no-datetime-log --no-cleanup --rclone rclone --config /home/cjn/.config/rclone/rclone.conf
***** BiDirectional Sync for Cloud Services using rclone (V3.2 201201) *****
Lock file created: </tmp/rclonesync_LOCK_._testdir_path1_._testdir_path2_>
Synching Path1  <./testdir/path1/>  with Path2  <./testdir/path2/>
Command args: <Path1=./testdir/path1/, Path2=./testdir/path2/, check_access=True, check_filename=.chk_file, check_sync_only=False, config=/home/cjn/.config/rclone/rclone.conf, dry_run=False, filters_file=None, first_sync=False, force=False, max_deletes=50, no_check_sync=False, no_cleanup=True, no_datetime_log=True, rc_verbose=None, rclone=rclone, rclone_args=None, remove_empty_directories=False, verbose=1, workdir=./testwd/>
>>>>> Path1 Checking for Diffs
>>>>> Path2 Checking for Diffs
  Path2      File was deleted                  - subdir/.chk_file
     1 file change(s) on Path2:    0 new,    0 newer,    0 older,    1 deleted
>>>>> Checking Path1 and Path2 rclone filesystems access health
  ERROR    Failed access health test:  <.chk_file> Path1 count 2, Path2 count 1 - 
  ERROR    Failed access health test:  Path1 key <subdir/.chk_file> not found in Path2 - 
Lock file removed: </tmp/rclonesync_LOCK_._testdir_path1_._testdir_path2_>
***** Critical Error Abort - Must run --first-sync to recover.  See README.md *****


:SAVELSL: Path2_missing

rm ./testwd/LSL_._testdir_path1_._testdir_path2__Path1_ERROR ./testwd/LSL_._testdir_path1_._testdir_path2__Path1_NEW ./testwd/LSL_._testdir_path1_._testdir_path2__Path2_ERROR ./testwd/LSL_._testdir_path1_._testdir_path2__Path2_NEW

:MSG:	3) Put the remote subdir .chk_file back, run --first-sync

rclone copy ./testdir/path1/subdir/.chk_file ./testdir/path2/
../rclonesync ./testdir/path1/ ./testdir/path2/ --check-access --first-sync --check-filename .chk_file --verbose --workdir ./testwd/ --no-datetime-log --no-cleanup --rclone rclone --config /home/cjn/.config/rclone/rclone.conf
***** BiDirectional Sync for Cloud Services using rclone (V3.2 201201) *****
Lock file created: </tmp/rclonesync_LOCK_._testdir_path1_._testdir_path2_>
Synching Path1  <./testdir/path1/>  with Path2  <./testdir/path2/>
Command args: <Path1=./testdir/path1/, Path2=./testdir/path2/, check_access=True, check_filename=.chk_file, check_sync_only=False, config=/home/cjn/.config/rclone/rclone.conf, dry_run=False, filters_file=None, first_sync=True, force=False, max_deletes=50, no_check_sync=False, no_cleanup=True, no_datetime_log=True, rc_verbose=None, rclone=rclone, rclone_args=None, remove_empty_directories=False, verbose=1, workdir=./testwd/>
>>>>> --first-sync copying any unique Path2 files to Path1
>>>>> --first-sync synching Path1 to Path2
>>>>> --first-sync refreshing lsl files
Lock file removed: </tmp/rclonesync_LOCK_._testdir_path1_._testdir_path2_>
>>>>> Successful run.  All done.


:MSG:	4) Run sync with --check-access.  Should pass.

../rclonesync ./testdir/path1/ ./testdir/path2/ --check-access --check-filename .chk_file --no-cleanup --verbose --workdir ./testwd/ --no-datetime-log --no-cleanup --rclone rclone --config /home/cjn/.config/rclone/rclone.conf
***** BiDirectional Sync for Cloud Services using rclone (V3.2 201201) *****
Lock file created: </tmp/rclonesync_LOCK_._testdir_path1_._testdir_path2_>
Synching Path1  <./testdir/path1/>  with Path2  <./testdir/path2/>
Command args: <Path1=./testdir/path1/, Path2=./testdir/path2/, check_access=True, check_filename=.chk_file, check_sync_only=False, config=/home/cjn/.config/rclone/rclone.conf, dry_run=False, filters_file=None, first_sync=False, force=False, max_deletes=50, no_check_sync=False, no_cleanup=True, no_datetime_log=True, rc_verbose=None, rclone=rclone, rclone_args=None, remove_empty_directories=False, verbose=1, workdir=./testwd/>
>>>>> Path1 Checking for Diffs
>>>>> Path2 Checking for Diffs
>>>>> Checking Path1 and Path2 rclone filesystems access health
  Found <2> matching <.chk_file> files on both paths
>>>>> No changes on Path1 or Path2
>>>>> Refreshing Path1 and Path2 lsl files
>>>>> Checking integrity of LSL history files for Path1  <./testdir/path1/>  versus Path2  <./testdir/path2/>
Lock file removed: </tmp/rclonesync_LOCK_._testdir_path1_._testdir_path2_>
>>>>> Successful run.  All done.

